k_step = 1
 |  k_t = 1
 |   |  dt = 1.0
 |   |  t = 1.0
 |   |  t_step = 1.0
 |   |  k_iter = 1
 |   |   |  Assembly… 22.916586875915527 s
 |   |   |  res_norm      = 8.2285e-02
 |   |   |  Solve… 0.23769116401672363 s
 |   |   |  du_norm       = 4.5814e+00
 |   |   |  dphis0_norm   = 0.0000e+00
 |   |   |  u_norm        = 4.5814e+00
 |   |   |  u_norm_old    = 0.0000e+00
 |   |   |  phis0_norm    = 3.8730e+01
 |   |   |  phis0_norm_old = 3.8730e+01
 |   |   |  u_err         = 1.0000e+00
 |   |   |  phis0_err     = 0.0000e+00
 |   |  k_iter = 2
 |   |   |  Assembly… 0.03525233268737793 s
 |   |   |  res_norm      = 3.7213e-02
 |   |   |  res_err       = 4.5225e-01
 |   |   |  dres_norm     = 1.1950e-01
 |   |   |  res_err_rel   = 1.4522e+00
 |   |   |  Solve… 0.21465516090393066 s
 |   |   |  du_norm       = 9.7295e-01
 |   |   |  dphis0_norm   = 5.2958e-06
 |   |   |  relax         = 1.0000e+00
 |   |   |  u_norm        = 3.6084e+00
 |   |   |  u_norm_old    = 0.0000e+00
 |   |   |  phis0_norm    = 3.8730e+01
 |   |   |  phis0_norm_old = 3.8730e+01
 |   |   |  u_err         = 2.6964e-01
 |   |   |  phis0_err     = 1.3674e-07
 |   |  k_iter = 3
 |   |   |  Assembly… 0.033761024475097656 s
 |   |   |  res_norm      = 3.4474e-03
 |   |   |  res_err       = 4.1896e-02
 |   |   |  dres_norm     = 3.3766e-02
 |   |   |  res_err_rel   = 9.0736e-01
 |   |   |  Solve… 0.21255779266357422 s
 |   |   |  du_norm       = 1.0947e-01
 |   |   |  dphis0_norm   = 1.1151e-05
 |   |   |  relax         = 1.0000e+00
 |   |   |  u_norm        = 3.4989e+00
 |   |   |  u_norm_old    = 0.0000e+00
 |   |   |  phis0_norm    = 3.8730e+01
 |   |   |  phis0_norm_old = 3.8730e+01
 |   |   |  u_err         = 3.1287e-02
 |   |   |  phis0_err     = 2.8791e-07
 |   |  k_iter = 4
 |   |   |  Assembly… 0.0338139533996582 s
 |   |   |  res_norm      = 3.4660e-05
 |   |   |  res_err       = 4.2121e-04
 |   |   |  dres_norm     = 3.4127e-03
 |   |   |  res_err_rel   = 9.8995e-01
 |   |   |  Solve… 0.21284103393554688 s
 |   |   |  du_norm       = 1.1223e-03
 |   |   |  dphis0_norm   = 5.6421e-08
 |   |   |  relax         = 1.0000e+00
 |   |   |  u_norm        = 3.4978e+00
 |   |   |  u_norm_old    = 0.0000e+00
 |   |   |  phis0_norm    = 3.8730e+01
 |   |   |  phis0_norm_old = 3.8730e+01
 |   |   |  u_err         = 3.2085e-04
 |   |   |  phis0_err     = 1.4568e-09
 |   |  k_iter = 5
 |   |   |  Assembly… 0.03359174728393555 s
 |   |   |  res_norm      = 3.5612e-09
 |   |   |  res_err       = 4.3279e-08
 |   |   |  dres_norm     = 3.4656e-05
 |   |   |  res_err_rel   = 9.9990e-01
 |   |   |  Solve… 0.21386194229125977 s
 |   |   |  du_norm       = 1.1533e-07
 |   |   |  dphis0_norm   = 5.4190e-12
 |   |   |  relax         = 1.0000e+00
 |   |   |  u_norm        = 3.4978e+00
 |   |   |  u_norm_old    = 0.0000e+00
 |   |   |  phis0_norm    = 3.8730e+01
 |   |   |  phis0_norm_old = 3.8730e+01
 |   |   |  u_err         = 3.2972e-08
 |   |   |  phis0_err     = 1.3992e-13
 |   |   |  Nonlinear solver converged…
