k_step = 1
 |  k_t = 1
 |   |  dt = 1.0
 |   |  t = 1.0
 |   |  t_step = 1.0
 |   |  k_iter = 1
 |   |   |  Assembly… 0.007132768630981445 s
 |   |   |  res_norm      = 2.1794e-01
 |   |   |  Solve… 0.028708934783935547 s
 |   |   |  du_norm       = 9.8528e-01
 |   |   |  dphis0_norm   = 0.0000e+00
 |   |   |  u_norm        = 9.8528e-01
 |   |   |  u_norm_old    = 0.0000e+00
 |   |   |  phis0_norm    = 1.0000e+01
 |   |   |  phis0_norm_old = 1.0000e+01
 |   |   |  u_err         = 1.0000e+00
 |   |   |  phis0_err     = 0.0000e+00
 |   |  k_iter = 2
 |   |   |  Assembly… 0.003911018371582031 s
 |   |   |  res_norm      = 3.7155e-03
 |   |   |  res_err       = 1.7048e-02
 |   |   |  dres_norm     = 2.2166e-01
 |   |   |  res_err_rel   = 1.0170e+00
 |   |   |  Solve… 0.02935194969177246 s
 |   |   |  du_norm       = 1.6138e-02
 |   |   |  dphis0_norm   = 1.2494e-06
 |   |   |  relax         = 1.0000e+00
 |   |   |  u_norm        = 9.6915e-01
 |   |   |  u_norm_old    = 0.0000e+00
 |   |   |  phis0_norm    = 1.0000e+01
 |   |   |  phis0_norm_old = 1.0000e+01
 |   |   |  u_err         = 1.6652e-02
 |   |   |  phis0_err     = 1.2494e-07
 |   |  k_iter = 3
 |   |   |  Assembly… 0.0037949085235595703 s
 |   |   |  res_norm      = 2.2051e-06
 |   |   |  res_err       = 1.0118e-05
 |   |   |  dres_norm     = 3.7133e-03
 |   |   |  res_err_rel   = 9.9941e-01
 |   |   |  Solve… 0.026981115341186523 s
 |   |   |  du_norm       = 9.4611e-06
 |   |   |  dphis0_norm   = 3.2480e-09
 |   |   |  relax         = 1.0000e+00
 |   |   |  u_norm        = 9.6914e-01
 |   |   |  u_norm_old    = 0.0000e+00
 |   |   |  phis0_norm    = 1.0000e+01
 |   |   |  phis0_norm_old = 1.0000e+01
 |   |   |  u_err         = 9.7624e-06
 |   |   |  phis0_err     = 3.2480e-10
 |   |  k_iter = 4
 |   |   |  Assembly… 0.004001140594482422 s
 |   |   |  res_norm      = 7.0235e-13
 |   |   |  res_err       = 3.2226e-12
 |   |   |  dres_norm     = 2.2051e-06
 |   |   |  res_err_rel   = 1.0000e+00
 |   |   |  Solve… 0.026628732681274414 s
 |   |   |  du_norm       = 3.2133e-12
 |   |   |  dphis0_norm   = 5.1950e-15
 |   |   |  relax         = 1.0000e+00
 |   |   |  u_norm        = 9.6914e-01
 |   |   |  u_norm_old    = 0.0000e+00
 |   |   |  phis0_norm    = 1.0000e+01
 |   |   |  phis0_norm_old = 1.0000e+01
 |   |   |  u_err         = 3.3157e-12
 |   |   |  phis0_err     = 5.1950e-16
 |   |   |  Nonlinear solver converged…
