k_step = 1
 |  k_t = 1
 |   |  dt = 1.0
 |   |  t = 1.0
 |   |  t_step = 1.0
 |   |  k_iter = 1
 |   |   |  Assembly… 29.928664922714233 s
 |   |   |  res_norm      = 3.1513e+00
 |   |   |  Solve… 0.40769004821777344 s
 |   |   |  dU_norm       = 2.6163e+00
 |   |   |  dPhis_norm    = 0.0000e+00
 |   |   |  dp_surface_norm = 1.4548e+01
 |   |   |  dgamma_norm   = 1.5901e-10
 |   |   |  dlbda_norm    = 7.5353e-01
 |   |   |  dmu_norm      = 8.2380e-01
 |   |   |  dx0_norm      = 9.2665e-01
 |   |   |  U_norm        = 2.6163e+00
 |   |   |  U_norm_old    = 0.0000e+00
 |   |   |  Phis_norm     = 3.8730e+01
 |   |   |  Phis_norm_old = 3.8730e+01
 |   |   |  p_surface_norm = 1.4548e+01
 |   |   |  p_surface_norm_old = 0.0000e+00
 |   |   |  gamma_norm    = 1.5901e-10
 |   |   |  gamma_norm_old = 0.0000e+00
 |   |   |  lbda_norm     = 7.5353e-01
 |   |   |  lbda_norm_old = 0.0000e+00
 |   |   |  mu_norm       = 8.2380e-01
 |   |   |  mu_norm_old   = 0.0000e+00
 |   |   |  x0_norm       = 9.2665e-01
 |   |   |  x0_norm_old   = 0.0000e+00
 |   |   |  U_err         = 1.0000e+00
 |   |   |  Phis_err      = 0.0000e+00
 |   |   |  p_surface_err = 1.0000e+00
 |   |   |  gamma_err     = 0.0000e+00
 |   |   |  lbda_err      = 1.0000e+00
 |   |   |  mu_err        = 1.0000e+00
 |   |   |  x0_err        = 1.0000e+00
 |   |  k_iter = 2
 |   |   |  Assembly… 0.12374210357666016 s
 |   |   |  res_norm      = 4.9796e-01
 |   |   |  res_err       = 1.5801e-01
 |   |   |  dres_norm     = 3.6223e+00
 |   |   |  res_err_rel   = 1.1494e+00
 |   |   |  Solve… 0.3499481678009033 s
 |   |   |  dU_norm       = 1.1829e-01
 |   |   |  dPhis_norm    = 3.3187e-06
 |   |   |  dp_surface_norm = 1.7927e+00
 |   |   |  dgamma_norm   = 1.0387e-11
 |   |   |  dlbda_norm    = 7.1548e-01
 |   |   |  dmu_norm      = 8.1065e-01
 |   |   |  dx0_norm      = 2.6753e-03
 |   |   |  relax         = 1.0000e+00
 |   |   |  U_norm        = 2.5008e+00
 |   |   |  U_norm_old    = 0.0000e+00
 |   |   |  Phis_norm     = 3.8730e+01
 |   |   |  Phis_norm_old = 3.8730e+01
 |   |   |  p_surface_norm = 1.2757e+01
 |   |   |  p_surface_norm_old = 0.0000e+00
 |   |   |  gamma_norm    = 1.4863e-10
 |   |   |  gamma_norm_old = 0.0000e+00
 |   |   |  lbda_norm     = 4.4671e-02
 |   |   |  lbda_norm_old = 0.0000e+00
 |   |   |  mu_norm       = 1.3148e-02
 |   |   |  mu_norm_old   = 0.0000e+00
 |   |   |  x0_norm       = 9.2398e-01
 |   |   |  x0_norm_old   = 0.0000e+00
 |   |   |  U_err         = 4.7298e-02
 |   |   |  Phis_err      = 8.5687e-08
 |   |   |  p_surface_err = 1.4052e-01
 |   |   |  gamma_err     = 0.0000e+00
 |   |   |  lbda_err      = 1.6017e+01
 |   |   |  mu_err        = 6.1655e+01
 |   |   |  x0_err        = 2.8955e-03
 |   |  k_iter = 3
 |   |   |  Assembly… 0.1209108829498291 s
 |   |   |  res_norm      = 2.8943e-03
 |   |   |  res_err       = 9.1842e-04
 |   |   |  dres_norm     = 4.9509e-01
 |   |   |  res_err_rel   = 9.9425e-01
 |   |   |  Solve… 0.42739415168762207 s
 |   |   |  dU_norm       = 1.3921e-03
 |   |   |  dPhis_norm    = 9.1680e-10
 |   |   |  dp_surface_norm = 1.0474e-02
 |   |   |  dgamma_norm   = 2.9784e-15
 |   |   |  dlbda_norm    = 4.2038e-03
 |   |   |  dmu_norm      = 1.3154e-02
 |   |   |  dx0_norm      = 1.1321e-05
 |   |   |  relax         = 1.0000e+00
 |   |   |  U_norm        = 2.5004e+00
 |   |   |  U_norm_old    = 0.0000e+00
 |   |   |  Phis_norm     = 3.8730e+01
 |   |   |  Phis_norm_old = 3.8730e+01
 |   |   |  p_surface_norm = 1.2747e+01
 |   |   |  p_surface_norm_old = 0.0000e+00
 |   |   |  gamma_norm    = 1.4863e-10
 |   |   |  gamma_norm_old = 0.0000e+00
 |   |   |  lbda_norm     = 4.0879e-02
 |   |   |  lbda_norm_old = 0.0000e+00
 |   |   |  mu_norm       = 6.1187e-06
 |   |   |  mu_norm_old   = 0.0000e+00
 |   |   |  x0_norm       = 9.2397e-01
 |   |   |  x0_norm_old   = 0.0000e+00
 |   |   |  U_err         = 5.5674e-04
 |   |   |  Phis_err      = 2.3672e-11
 |   |   |  p_surface_err = 8.2173e-04
 |   |   |  gamma_err     = 0.0000e+00
 |   |   |  lbda_err      = 1.0283e-01
 |   |   |  mu_err        = 2.1499e+03
 |   |   |  x0_err        = 1.2253e-05
 |   |  k_iter = 4
 |   |   |  Assembly… 0.1215519905090332 s
 |   |   |  res_norm      = 1.1073e-07
 |   |   |  res_err       = 3.5139e-08
 |   |   |  dres_norm     = 2.8942e-03
 |   |   |  res_err_rel   = 9.9998e-01
 |   |   |  Solve… 0.3132789134979248 s
 |   |   |  dU_norm       = 5.7034e-07
 |   |   |  dPhis_norm    = 4.1209e-13
 |   |   |  dp_surface_norm = 1.0793e-06
 |   |   |  dgamma_norm   = 1.0667e-17
 |   |   |  dlbda_norm    = 1.7345e-07
 |   |   |  dmu_norm      = 6.5866e-07
 |   |   |  dx0_norm      = 6.8131e-10
 |   |   |  relax         = 1.0000e+00
 |   |   |  U_norm        = 2.5004e+00
 |   |   |  U_norm_old    = 0.0000e+00
 |   |   |  Phis_norm     = 3.8730e+01
 |   |   |  Phis_norm_old = 3.8730e+01
 |   |   |  p_surface_norm = 1.2747e+01
 |   |   |  p_surface_norm_old = 0.0000e+00
 |   |   |  gamma_norm    = 1.4863e-10
 |   |   |  gamma_norm_old = 0.0000e+00
 |   |   |  lbda_norm     = 4.0879e-02
 |   |   |  lbda_norm_old = 0.0000e+00
 |   |   |  mu_norm       = 6.7774e-06
 |   |   |  mu_norm_old   = 0.0000e+00
 |   |   |  x0_norm       = 9.2397e-01
 |   |   |  x0_norm_old   = 0.0000e+00
 |   |   |  U_err         = 2.2810e-07
 |   |   |  Phis_err      = 1.0640e-14
 |   |   |  p_surface_err = 8.4672e-08
 |   |   |  gamma_err     = 0.0000e+00
 |   |   |  lbda_err      = 4.2430e-06
 |   |   |  mu_err        = 9.7185e-02
 |   |   |  x0_err        = 7.3737e-10
 |   |  k_iter = 5
 |   |   |  Assembly… 0.12121987342834473 s
 |   |   |  res_norm      = 7.5795e-15
 |   |   |  res_err       = 2.4052e-15
 |   |   |  dres_norm     = 1.1073e-07
 |   |   |  res_err_rel   = 1.0000e+00
 |   |   |  Solve… 0.4444851875305176 s
 |   |   |  dU_norm       = 4.2012e-14
 |   |   |  dPhis_norm    = 2.4463e-15
 |   |   |  dp_surface_norm = 7.2515e-07
 |   |   |  dgamma_norm   = 7.4727e-19
 |   |   |  dlbda_norm    = 2.7482e-15
 |   |   |  dmu_norm      = 3.9706e-14
 |   |   |  dx0_norm      = 1.7831e-16
 |   |   |  relax         = 1.0000e+00
 |   |   |  U_norm        = 2.5004e+00
 |   |   |  U_norm_old    = 0.0000e+00
 |   |   |  Phis_norm     = 3.8730e+01
 |   |   |  Phis_norm_old = 3.8730e+01
 |   |   |  p_surface_norm = 1.2747e+01
 |   |   |  p_surface_norm_old = 0.0000e+00
 |   |   |  gamma_norm    = 1.4863e-10
 |   |   |  gamma_norm_old = 0.0000e+00
 |   |   |  lbda_norm     = 4.0879e-02
 |   |   |  lbda_norm_old = 0.0000e+00
 |   |   |  mu_norm       = 6.7774e-06
 |   |   |  mu_norm_old   = 0.0000e+00
 |   |   |  x0_norm       = 9.2397e-01
 |   |   |  x0_norm_old   = 0.0000e+00
 |   |   |  U_err         = 1.6802e-14
 |   |   |  Phis_err      = 6.3163e-17
 |   |   |  p_surface_err = 5.6889e-08
 |   |   |  gamma_err     = 0.0000e+00
 |   |   |  lbda_err      = 6.7228e-14
 |   |   |  mu_err        = 5.8586e-09
 |   |   |  x0_err        = 1.9298e-16
 |   |   |  Nonlinear solver converged…
