k_step = 1
 |  k_t = 1
 |   |  dt = 1.0
 |   |  t = 1.0
 |   |  t_step = 1.0
 |   |  k_iter = 1
 |   |   |  Assembly… 0.1482250690460205 s
 |   |   |  res_norm      = 3.0000e+00
 |   |   |  Solve… 0.397413969039917 s
 |   |   |  du_norm       = 4.5849e+00
 |   |   |  dphis0_norm   = 0.0000e+00
 |   |   |  dp_surface_norm = 1.2747e+01
 |   |   |  dgamma_norm   = 1.3933e-10
 |   |   |  dlbda_norm    = 4.6339e-02
 |   |   |  dmu_norm      = 8.0409e-14
 |   |   |  u_norm        = 4.5849e+00
 |   |   |  u_norm_old    = 0.0000e+00
 |   |   |  phis0_norm    = 3.8730e+01
 |   |   |  phis0_norm_old = 3.8730e+01
 |   |   |  p_surface_norm = 1.2747e+01
 |   |   |  p_surface_norm_old = 0.0000e+00
 |   |   |  gamma_norm    = 1.3933e-10
 |   |   |  gamma_norm_old = 0.0000e+00
 |   |   |  lbda_norm     = 4.6339e-02
 |   |   |  lbda_norm_old = 0.0000e+00
 |   |   |  mu_norm       = 8.0409e-14
 |   |   |  mu_norm_old   = 0.0000e+00
 |   |   |  u_err         = 1.0000e+00
 |   |   |  phis0_err     = 0.0000e+00
 |   |   |  p_surface_err = 1.0000e+00
 |   |   |  gamma_err     = 0.0000e+00
 |   |   |  lbda_err      = 1.0000e+00
 |   |   |  mu_err        = 0.0000e+00
 |   |  k_iter = 2
 |   |   |  Assembly… 0.08386421203613281 s
 |   |   |  res_norm      = 3.7089e-02
 |   |   |  res_err       = 1.2363e-02
 |   |   |  dres_norm     = 3.0002e+00
 |   |   |  res_err_rel   = 1.0001e+00
 |   |   |  Solve… 0.4225809574127197 s
 |   |   |  du_norm       = 9.7405e-01
 |   |   |  dphis0_norm   = 5.2956e-06
 |   |   |  dp_surface_norm = 5.0490e-04
 |   |   |  dgamma_norm   = 5.8081e-15
 |   |   |  dlbda_norm    = 2.3530e-14
 |   |   |  dmu_norm      = 1.1618e-14
 |   |   |  relax         = 1.0000e+00
 |   |   |  u_norm        = 3.6108e+00
 |   |   |  u_norm_old    = 0.0000e+00
 |   |   |  phis0_norm    = 3.8730e+01
 |   |   |  phis0_norm_old = 3.8730e+01
 |   |   |  p_surface_norm = 1.2747e+01
 |   |   |  p_surface_norm_old = 0.0000e+00
 |   |   |  gamma_norm    = 1.3932e-10
 |   |   |  gamma_norm_old = 0.0000e+00
 |   |   |  lbda_norm     = 4.6339e-02
 |   |   |  lbda_norm_old = 0.0000e+00
 |   |   |  mu_norm       = 8.5397e-14
 |   |   |  mu_norm_old   = 0.0000e+00
 |   |   |  u_err         = 2.6976e-01
 |   |   |  phis0_err     = 1.3673e-07
 |   |   |  p_surface_err = 3.9610e-05
 |   |   |  gamma_err     = 0.0000e+00
 |   |   |  lbda_err      = 5.0778e-13
 |   |   |  mu_err        = 0.0000e+00
 |   |  k_iter = 3
 |   |   |  Assembly… 0.0838470458984375 s
 |   |   |  res_norm      = 3.4297e-03
 |   |   |  res_err       = 1.1432e-03
 |   |   |  dres_norm     = 3.3659e-02
 |   |   |  res_err_rel   = 9.0753e-01
 |   |   |  Solve… 0.294299840927124 s
 |   |   |  du_norm       = 1.0970e-01
 |   |   |  dphis0_norm   = 1.1154e-05
 |   |   |  dp_surface_norm = 3.5183e-07
 |   |   |  dgamma_norm   = 3.6999e-19
 |   |   |  dlbda_norm    = 4.0093e-16
 |   |   |  dmu_norm      = 4.8484e-15
 |   |   |  relax         = 1.0000e+00
 |   |   |  u_norm        = 3.5011e+00
 |   |   |  u_norm_old    = 0.0000e+00
 |   |   |  phis0_norm    = 3.8730e+01
 |   |   |  phis0_norm_old = 3.8730e+01
 |   |   |  p_surface_norm = 1.2747e+01
 |   |   |  p_surface_norm_old = 0.0000e+00
 |   |   |  gamma_norm    = 1.3932e-10
 |   |   |  gamma_norm_old = 0.0000e+00
 |   |   |  lbda_norm     = 4.6339e-02
 |   |   |  lbda_norm_old = 0.0000e+00
 |   |   |  mu_norm       = 8.5329e-14
 |   |   |  mu_norm_old   = 0.0000e+00
 |   |   |  u_err         = 3.1334e-02
 |   |   |  phis0_err     = 2.8798e-07
 |   |   |  p_surface_err = 2.7601e-08
 |   |   |  gamma_err     = 0.0000e+00
 |   |   |  lbda_err      = 8.6521e-15
 |   |   |  mu_err        = 0.0000e+00
 |   |  k_iter = 4
 |   |   |  Assembly… 0.08317279815673828 s
 |   |   |  res_norm      = 3.4360e-05
 |   |   |  res_err       = 1.1453e-05
 |   |   |  dres_norm     = 3.3953e-03
 |   |   |  res_err_rel   = 9.8998e-01
 |   |   |  Solve… 0.2958519458770752 s
 |   |   |  du_norm       = 1.1267e-03
 |   |   |  dphis0_norm   = 5.6443e-08
 |   |   |  dp_surface_norm = 3.2794e-07
 |   |   |  dgamma_norm   = 1.5020e-19
 |   |   |  dlbda_norm    = 1.5458e-16
 |   |   |  dmu_norm      = 2.2619e-15
 |   |   |  relax         = 1.0000e+00
 |   |   |  u_norm        = 3.5000e+00
 |   |   |  u_norm_old    = 0.0000e+00
 |   |   |  phis0_norm    = 3.8730e+01
 |   |   |  phis0_norm_old = 3.8730e+01
 |   |   |  p_surface_norm = 1.2747e+01
 |   |   |  p_surface_norm_old = 0.0000e+00
 |   |   |  gamma_norm    = 1.3932e-10
 |   |   |  gamma_norm_old = 0.0000e+00
 |   |   |  lbda_norm     = 4.6339e-02
 |   |   |  lbda_norm_old = 0.0000e+00
 |   |   |  mu_norm       = 8.4919e-14
 |   |   |  mu_norm_old   = 0.0000e+00
 |   |   |  u_err         = 3.2190e-04
 |   |   |  phis0_err     = 1.4573e-09
 |   |   |  p_surface_err = 2.5727e-08
 |   |   |  gamma_err     = 0.0000e+00
 |   |   |  lbda_err      = 3.3357e-15
 |   |   |  mu_err        = 0.0000e+00
 |   |  k_iter = 5
 |   |   |  Assembly… 0.08254289627075195 s
 |   |   |  res_norm      = 3.5090e-09
 |   |   |  res_err       = 1.1697e-09
 |   |   |  dres_norm     = 3.4356e-05
 |   |   |  res_err_rel   = 9.9990e-01
 |   |   |  Solve… 0.29484987258911133 s
 |   |   |  du_norm       = 1.1618e-07
 |   |   |  dphis0_norm   = 5.4236e-12
 |   |   |  dp_surface_norm = 3.5826e-07
 |   |   |  dgamma_norm   = 2.3969e-18
 |   |   |  dlbda_norm    = 1.2044e-16
 |   |   |  dmu_norm      = 1.9084e-15
 |   |   |  relax         = 1.0000e+00
 |   |   |  u_norm        = 3.5000e+00
 |   |   |  u_norm_old    = 0.0000e+00
 |   |   |  phis0_norm    = 3.8730e+01
 |   |   |  phis0_norm_old = 3.8730e+01
 |   |   |  p_surface_norm = 1.2747e+01
 |   |   |  p_surface_norm_old = 0.0000e+00
 |   |   |  gamma_norm    = 1.3932e-10
 |   |   |  gamma_norm_old = 0.0000e+00
 |   |   |  lbda_norm     = 4.6339e-02
 |   |   |  lbda_norm_old = 0.0000e+00
 |   |   |  mu_norm       = 8.5838e-14
 |   |   |  mu_norm_old   = 0.0000e+00
 |   |   |  u_err         = 3.3194e-08
 |   |   |  phis0_err     = 1.4004e-13
 |   |   |  p_surface_err = 2.8106e-08
 |   |   |  gamma_err     = 0.0000e+00
 |   |   |  lbda_err      = 2.5991e-15
 |   |   |  mu_err        = 0.0000e+00
 |   |   |  Nonlinear solver converged…
