k_step = 1
 |  k_t = 1
 |   |  dt = 1.0
 |   |  t = 1.0
 |   |  t_step = 1.0
 |   |  k_iter = 1
 |   |   |  Assembly… 24.50905990600586 s
 |   |   |  res_norm      = 3.0000e+00
 |   |   |  Solve… 0.3430299758911133 s
 |   |   |  du_norm       = 2.2924e+00
 |   |   |  dphis0_norm   = 0.0000e+00
 |   |   |  dp_surface_norm = 1.2747e+01
 |   |   |  dgamma_norm   = 1.3933e-10
 |   |   |  dlbda_norm    = 4.6339e-02
 |   |   |  dmu_norm      = 7.6954e-14
 |   |   |  u_norm        = 2.2924e+00
 |   |   |  u_norm_old    = 0.0000e+00
 |   |   |  phis0_norm    = 3.8730e+01
 |   |   |  phis0_norm_old = 3.8730e+01
 |   |   |  p_surface_norm = 1.2747e+01
 |   |   |  p_surface_norm_old = 0.0000e+00
 |   |   |  gamma_norm    = 1.3933e-10
 |   |   |  gamma_norm_old = 0.0000e+00
 |   |   |  lbda_norm     = 4.6339e-02
 |   |   |  lbda_norm_old = 0.0000e+00
 |   |   |  mu_norm       = 7.6954e-14
 |   |   |  mu_norm_old   = 0.0000e+00
 |   |   |  u_err         = 1.0000e+00
 |   |   |  phis0_err     = 0.0000e+00
 |   |   |  p_surface_err = 1.0000e+00
 |   |   |  gamma_err     = 0.0000e+00
 |   |   |  lbda_err      = 1.0000e+00
 |   |   |  mu_err        = 0.0000e+00
 |   |  k_iter = 2
 |   |   |  Assembly… 0.08165192604064941 s
 |   |   |  res_norm      = 1.7919e-03
 |   |   |  res_err       = 5.9728e-04
 |   |   |  dres_norm     = 3.0000e+00
 |   |   |  res_err_rel   = 1.0000e+00
 |   |   |  Solve… 0.2869541645050049 s
 |   |   |  du_norm       = 5.1354e-02
 |   |   |  dphis0_norm   = 6.4935e-06
 |   |   |  dp_surface_norm = 5.0490e-04
 |   |   |  dgamma_norm   = 4.9163e-15
 |   |   |  dlbda_norm    = 2.6410e-14
 |   |   |  dmu_norm      = 9.5480e-15
 |   |   |  relax         = 1.0000e+00
 |   |   |  u_norm        = 2.3438e+00
 |   |   |  u_norm_old    = 0.0000e+00
 |   |   |  phis0_norm    = 3.8730e+01
 |   |   |  phis0_norm_old = 3.8730e+01
 |   |   |  p_surface_norm = 1.2747e+01
 |   |   |  p_surface_norm_old = 0.0000e+00
 |   |   |  gamma_norm    = 1.3932e-10
 |   |   |  gamma_norm_old = 0.0000e+00
 |   |   |  lbda_norm     = 4.6339e-02
 |   |   |  lbda_norm_old = 0.0000e+00
 |   |   |  mu_norm       = 8.5655e-14
 |   |   |  mu_norm_old   = 0.0000e+00
 |   |   |  u_err         = 2.1911e-02
 |   |   |  phis0_err     = 1.6766e-07
 |   |   |  p_surface_err = 3.9610e-05
 |   |   |  gamma_err     = 0.0000e+00
 |   |   |  lbda_err      = 5.6994e-13
 |   |   |  mu_err        = 0.0000e+00
 |   |  k_iter = 3
 |   |   |  Assembly… 0.07981586456298828 s
 |   |   |  res_norm      = 4.3217e-08
 |   |   |  res_err       = 1.4406e-08
 |   |   |  dres_norm     = 1.7918e-03
 |   |   |  res_err_rel   = 9.9998e-01
 |   |   |  Solve… 0.29818105697631836 s
 |   |   |  du_norm       = 1.0430e-06
 |   |   |  dphis0_norm   = 3.2387e-08
 |   |   |  dp_surface_norm = 3.8358e-07
 |   |   |  dgamma_norm   = 2.6746e-19
 |   |   |  dlbda_norm    = 2.4299e-16
 |   |   |  dmu_norm      = 1.9365e-15
 |   |   |  relax         = 1.0000e+00
 |   |   |  u_norm        = 2.3438e+00
 |   |   |  u_norm_old    = 0.0000e+00
 |   |   |  phis0_norm    = 3.8730e+01
 |   |   |  phis0_norm_old = 3.8730e+01
 |   |   |  p_surface_norm = 1.2747e+01
 |   |   |  p_surface_norm_old = 0.0000e+00
 |   |   |  gamma_norm    = 1.3932e-10
 |   |   |  gamma_norm_old = 0.0000e+00
 |   |   |  lbda_norm     = 4.6339e-02
 |   |   |  lbda_norm_old = 0.0000e+00
 |   |   |  mu_norm       = 8.6149e-14
 |   |   |  mu_norm_old   = 0.0000e+00
 |   |   |  u_err         = 4.4503e-07
 |   |   |  phis0_err     = 8.3624e-10
 |   |   |  p_surface_err = 3.0092e-08
 |   |   |  gamma_err     = 0.0000e+00
 |   |   |  lbda_err      = 5.2437e-15
 |   |   |  mu_err        = 0.0000e+00
 |   |   |  Nonlinear solver converged…
