k_step = 1
 |  k_t = 1
 |   |  dt = 1.0
 |   |  t = 1.0
 |   |  t_step = 1.0
 |   |  k_iter = 1
 |   |   |  Assembly… 0.006922006607055664 s
 |   |   |  res_norm      = 2.1794e-01
 |   |   |  Solve… 0.02782583236694336 s
 |   |   |  du_norm       = 1.9706e+00
 |   |   |  dphis0_norm   = 0.0000e+00
 |   |   |  u_norm        = 1.9706e+00
 |   |   |  u_norm_old    = 0.0000e+00
 |   |   |  phis0_norm    = 1.0000e+01
 |   |   |  phis0_norm_old = 1.0000e+01
 |   |   |  u_err         = 1.0000e+00
 |   |   |  phis0_err     = 0.0000e+00
 |   |  k_iter = 2
 |   |   |  Assembly… 0.003843069076538086 s
 |   |   |  res_norm      = 1.0889e-01
 |   |   |  res_err       = 4.9963e-01
 |   |   |  dres_norm     = 3.2684e-01
 |   |   |  res_err_rel   = 1.4996e+00
 |   |   |  Solve… 0.02618098258972168 s
 |   |   |  du_norm       = 4.4001e-01
 |   |   |  dphis0_norm   = 1.4731e-06
 |   |   |  relax         = 1.0000e+00
 |   |   |  u_norm        = 1.5306e+00
 |   |   |  u_norm_old    = 0.0000e+00
 |   |   |  phis0_norm    = 1.0000e+01
 |   |   |  phis0_norm_old = 1.0000e+01
 |   |   |  u_err         = 2.8748e-01
 |   |   |  phis0_err     = 1.4731e-07
 |   |  k_iter = 3
 |   |   |  Assembly… 0.003955841064453125 s
 |   |   |  res_norm      = 1.0731e-02
 |   |   |  res_err       = 4.9238e-02
 |   |   |  dres_norm     = 9.8160e-02
 |   |   |  res_err_rel   = 9.0145e-01
 |   |   |  Solve… 0.036005258560180664 s
 |   |   |  du_norm       = 5.3391e-02
 |   |   |  dphis0_norm   = 1.5183e-06
 |   |   |  relax         = 1.0000e+00
 |   |   |  u_norm        = 1.4772e+00
 |   |   |  u_norm_old    = 0.0000e+00
 |   |   |  phis0_norm    = 1.0000e+01
 |   |   |  phis0_norm_old = 1.0000e+01
 |   |   |  u_err         = 3.6144e-02
 |   |   |  phis0_err     = 1.5183e-07
 |   |  k_iter = 4
 |   |   |  Assembly… 0.0039119720458984375 s
 |   |   |  res_norm      = 1.2704e-04
 |   |   |  res_err       = 5.8291e-04
 |   |   |  dres_norm     = 1.0604e-02
 |   |   |  res_err_rel   = 9.8816e-01
 |   |   |  Solve… 0.028948068618774414 s
 |   |   |  du_norm       = 6.4713e-04
 |   |   |  dphis0_norm   = 9.6541e-09
 |   |   |  relax         = 1.0000e+00
 |   |   |  u_norm        = 1.4765e+00
 |   |   |  u_norm_old    = 0.0000e+00
 |   |   |  phis0_norm    = 1.0000e+01
 |   |   |  phis0_norm_old = 1.0000e+01
 |   |   |  u_err         = 4.3828e-04
 |   |   |  phis0_err     = 9.6541e-10
 |   |  k_iter = 5
 |   |   |  Assembly… 0.003908872604370117 s
 |   |   |  res_norm      = 1.8229e-08
 |   |   |  res_err       = 8.3639e-08
 |   |   |  dres_norm     = 1.2702e-04
 |   |   |  res_err_rel   = 9.9986e-01
 |   |   |  Solve… 0.02463817596435547 s
 |   |   |  du_norm       = 9.2878e-08
 |   |   |  dphis0_norm   = 1.2924e-12
 |   |   |  relax         = 1.0000e+00
 |   |   |  u_norm        = 1.4765e+00
 |   |   |  u_norm_old    = 0.0000e+00
 |   |   |  phis0_norm    = 1.0000e+01
 |   |   |  phis0_norm_old = 1.0000e+01
 |   |   |  u_err         = 6.2903e-08
 |   |   |  phis0_err     = 1.2924e-13
 |   |   |  Nonlinear solver converged…
