k_step = 1
 |  k_t = 1
 |   |  dt = 1.0
 |   |  t = 1.0
 |   |  t_step = 1.0
 |   |  k_iter = 1
 |   |   |  Assembly… 27.173861026763916 s
 |   |   |  res_norm      = 3.1513e+00
 |   |   |  Solve… 0.40448594093322754 s
 |   |   |  dU_norm       = 6.0930e+00
 |   |   |  dPhis_norm    = 0.0000e+00
 |   |   |  dp_surface_norm = 1.6942e+01
 |   |   |  dgamma_norm   = 1.8518e-10
 |   |   |  dlbda_norm    = 7.5584e-01
 |   |   |  dmu_norm      = 8.2372e-01
 |   |   |  dx0_norm      = 1.0072e+00
 |   |   |  U_norm        = 6.0930e+00
 |   |   |  U_norm_old    = 0.0000e+00
 |   |   |  Phis_norm     = 3.8730e+01
 |   |   |  Phis_norm_old = 3.8730e+01
 |   |   |  p_surface_norm = 1.6942e+01
 |   |   |  p_surface_norm_old = 0.0000e+00
 |   |   |  gamma_norm    = 1.8518e-10
 |   |   |  gamma_norm_old = 0.0000e+00
 |   |   |  lbda_norm     = 7.5584e-01
 |   |   |  lbda_norm_old = 0.0000e+00
 |   |   |  mu_norm       = 8.2372e-01
 |   |   |  mu_norm_old   = 0.0000e+00
 |   |   |  x0_norm       = 1.0072e+00
 |   |   |  x0_norm_old   = 0.0000e+00
 |   |   |  U_err         = 1.0000e+00
 |   |   |  Phis_err      = 0.0000e+00
 |   |   |  p_surface_err = 1.0000e+00
 |   |   |  gamma_err     = 0.0000e+00
 |   |   |  lbda_err      = 1.0000e+00
 |   |   |  mu_err        = 1.0000e+00
 |   |   |  x0_err        = 1.0000e+00
 |   |  k_iter = 2
 |   |   |  Assembly… 0.12125301361083984 s
 |   |   |  res_norm      = 1.3423e+00
 |   |   |  res_err       = 4.2593e-01
 |   |   |  dres_norm     = 4.4526e+00
 |   |   |  res_err_rel   = 1.4129e+00
 |   |   |  Solve… 0.3226439952850342 s
 |   |   |  dU_norm       = 7.2968e-01
 |   |   |  dPhis_norm    = 7.6478e-06
 |   |   |  dp_surface_norm = 4.0555e+00
 |   |   |  dgamma_norm   = 2.6000e-11
 |   |   |  dlbda_norm    = 7.0155e-01
 |   |   |  dmu_norm      = 7.5567e-01
 |   |   |  dx0_norm      = 1.6848e-02
 |   |   |  relax         = 1.0000e+00
 |   |   |  U_norm        = 5.3657e+00
 |   |   |  U_norm_old    = 0.0000e+00
 |   |   |  Phis_norm     = 3.8730e+01
 |   |   |  Phis_norm_old = 3.8730e+01
 |   |   |  p_surface_norm = 1.2887e+01
 |   |   |  p_surface_norm_old = 0.0000e+00
 |   |   |  gamma_norm    = 1.5918e-10
 |   |   |  gamma_norm_old = 0.0000e+00
 |   |   |  lbda_norm     = 5.8222e-02
 |   |   |  lbda_norm_old = 0.0000e+00
 |   |   |  mu_norm       = 6.8048e-02
 |   |   |  mu_norm_old   = 0.0000e+00
 |   |   |  x0_norm       = 9.9036e-01
 |   |   |  x0_norm_old   = 0.0000e+00
 |   |   |  U_err         = 1.3599e-01
 |   |   |  Phis_err      = 1.9746e-07
 |   |   |  p_surface_err = 3.1470e-01
 |   |   |  gamma_err     = 0.0000e+00
 |   |   |  lbda_err      = 1.2050e+01
 |   |   |  mu_err        = 1.1105e+01
 |   |   |  x0_err        = 1.7012e-02
 |   |  k_iter = 3
 |   |   |  Assembly… 0.12151479721069336 s
 |   |   |  res_norm      = 4.3515e-02
 |   |   |  res_err       = 1.3808e-02
 |   |   |  dres_norm     = 1.2988e+00
 |   |   |  res_err_rel   = 9.6762e-01
 |   |   |  Solve… 0.34942007064819336 s
 |   |   |  dU_norm       = 3.3754e-02
 |   |   |  dPhis_norm    = 3.2246e-08
 |   |   |  dp_surface_norm = 1.4030e-01
 |   |   |  dgamma_norm   = 3.0475e-15
 |   |   |  dlbda_norm    = 2.4284e-02
 |   |   |  dmu_norm      = 6.7850e-02
 |   |   |  dx0_norm      = 7.3924e-04
 |   |   |  relax         = 1.0000e+00
 |   |   |  U_norm        = 5.3339e+00
 |   |   |  U_norm_old    = 0.0000e+00
 |   |   |  Phis_norm     = 3.8730e+01
 |   |   |  Phis_norm_old = 3.8730e+01
 |   |   |  p_surface_norm = 1.2747e+01
 |   |   |  p_surface_norm_old = 0.0000e+00
 |   |   |  gamma_norm    = 1.5918e-10
 |   |   |  gamma_norm_old = 0.0000e+00
 |   |   |  lbda_norm     = 3.6129e-02
 |   |   |  lbda_norm_old = 0.0000e+00
 |   |   |  mu_norm       = 1.9817e-04
 |   |   |  mu_norm_old   = 0.0000e+00
 |   |   |  x0_norm       = 9.8962e-01
 |   |   |  x0_norm_old   = 0.0000e+00
 |   |   |  U_err         = 6.3283e-03
 |   |   |  Phis_err      = 8.3260e-10
 |   |   |  p_surface_err = 1.1006e-02
 |   |   |  gamma_err     = 0.0000e+00
 |   |   |  lbda_err      = 6.7215e-01
 |   |   |  mu_err        = 3.4237e+02
 |   |   |  x0_err        = 7.4699e-04
 |   |  k_iter = 4
 |   |   |  Assembly… 0.12231707572937012 s
 |   |   |  res_norm      = 6.5277e-05
 |   |   |  res_err       = 2.0714e-05
 |   |   |  dres_norm     = 4.3450e-02
 |   |   |  res_err_rel   = 9.9851e-01
 |   |   |  Solve… 0.35378003120422363 s
 |   |   |  dU_norm       = 9.1223e-05
 |   |   |  dPhis_norm    = 7.9286e-11
 |   |   |  dp_surface_norm = 2.0897e-04
 |   |   |  dgamma_norm   = 1.2861e-15
 |   |   |  dlbda_norm    = 3.8708e-05
 |   |   |  dmu_norm      = 2.1359e-04
 |   |   |  dx0_norm      = 1.2098e-06
 |   |   |  relax         = 1.0000e+00
 |   |   |  U_norm        = 5.3338e+00
 |   |   |  U_norm_old    = 0.0000e+00
 |   |   |  Phis_norm     = 3.8730e+01
 |   |   |  Phis_norm_old = 3.8730e+01
 |   |   |  p_surface_norm = 1.2747e+01
 |   |   |  p_surface_norm_old = 0.0000e+00
 |   |   |  gamma_norm    = 1.5918e-10
 |   |   |  gamma_norm_old = 0.0000e+00
 |   |   |  lbda_norm     = 3.6097e-02
 |   |   |  lbda_norm_old = 0.0000e+00
 |   |   |  mu_norm       = 1.5414e-05
 |   |   |  mu_norm_old   = 0.0000e+00
 |   |   |  x0_norm       = 9.8962e-01
 |   |   |  x0_norm_old   = 0.0000e+00
 |   |   |  U_err         = 1.7103e-05
 |   |   |  Phis_err      = 2.0472e-12
 |   |   |  p_surface_err = 1.6394e-05
 |   |   |  gamma_err     = 0.0000e+00
 |   |   |  lbda_err      = 1.0723e-03
 |   |   |  mu_err        = 1.3857e+01
 |   |   |  x0_err        = 1.2225e-06
 |   |  k_iter = 5
 |   |   |  Assembly… 0.12164092063903809 s
 |   |   |  res_norm      = 2.1101e-10
 |   |   |  res_err       = 6.6958e-11
 |   |   |  dres_norm     = 6.5277e-05
 |   |   |  res_err_rel   = 1.0000e+00
 |   |   |  Solve… 0.38049888610839844 s
 |   |   |  dU_norm       = 4.8921e-10
 |   |   |  dPhis_norm    = 2.5405e-15
 |   |   |  dp_surface_norm = 6.3920e-07
 |   |   |  dgamma_norm   = 1.9041e-20
 |   |   |  dlbda_norm    = 9.9532e-11
 |   |   |  dmu_norm      = 1.3717e-09
 |   |   |  dx0_norm      = 7.1679e-12
 |   |   |  relax         = 1.0000e+00
 |   |   |  U_norm        = 5.3338e+00
 |   |   |  U_norm_old    = 0.0000e+00
 |   |   |  Phis_norm     = 3.8730e+01
 |   |   |  Phis_norm_old = 3.8730e+01
 |   |   |  p_surface_norm = 1.2747e+01
 |   |   |  p_surface_norm_old = 0.0000e+00
 |   |   |  gamma_norm    = 1.5918e-10
 |   |   |  gamma_norm_old = 0.0000e+00
 |   |   |  lbda_norm     = 3.6097e-02
 |   |   |  lbda_norm_old = 0.0000e+00
 |   |   |  mu_norm       = 1.5415e-05
 |   |   |  mu_norm_old   = 0.0000e+00
 |   |   |  x0_norm       = 9.8962e-01
 |   |   |  x0_norm_old   = 0.0000e+00
 |   |   |  U_err         = 9.1719e-11
 |   |   |  Phis_err      = 6.5594e-17
 |   |   |  p_surface_err = 5.0146e-08
 |   |   |  gamma_err     = 0.0000e+00
 |   |   |  lbda_err      = 2.7574e-09
 |   |   |  mu_err        = 8.8985e-05
 |   |   |  x0_err        = 7.2431e-12
 |   |  k_iter = 6
 |   |   |  Assembly… 0.12208700180053711 s
 |   |   |  res_norm      = 4.6232e-15
 |   |   |  res_err       = 1.4670e-15
 |   |   |  dres_norm     = 2.1101e-10
 |   |   |  res_err_rel   = 0.0000e+00
 |   |   |  Solve… 0.33469390869140625 s
 |   |   |  dU_norm       = 6.9803e-15
 |   |   |  dPhis_norm    = 2.4802e-15
 |   |   |  dp_surface_norm = 6.8775e-07
 |   |   |  dgamma_norm   = 1.4054e-18
 |   |   |  dlbda_norm    = 1.8897e-15
 |   |   |  dmu_norm      = 2.0052e-15
 |   |   |  dx0_norm      = 5.4390e-17
 |   |   |  relax         = 1.0000e+00
 |   |   |  U_norm        = 5.3338e+00
 |   |   |  U_norm_old    = 0.0000e+00
 |   |   |  Phis_norm     = 3.8730e+01
 |   |   |  Phis_norm_old = 3.8730e+01
 |   |   |  p_surface_norm = 1.2747e+01
 |   |   |  p_surface_norm_old = 0.0000e+00
 |   |   |  gamma_norm    = 1.5918e-10
 |   |   |  gamma_norm_old = 0.0000e+00
 |   |   |  lbda_norm     = 3.6097e-02
 |   |   |  lbda_norm_old = 0.0000e+00
 |   |   |  mu_norm       = 1.5415e-05
 |   |   |  mu_norm_old   = 0.0000e+00
 |   |   |  x0_norm       = 9.8962e-01
 |   |   |  x0_norm_old   = 0.0000e+00
 |   |   |  U_err         = 1.3087e-15
 |   |   |  Phis_err      = 6.4039e-17
 |   |   |  p_surface_err = 5.3955e-08
 |   |   |  gamma_err     = 0.0000e+00
 |   |   |  lbda_err      = 5.2352e-14
 |   |   |  mu_err        = 1.3008e-10
 |   |   |  x0_err        = 5.4961e-17
 |   |   |  Nonlinear solver converged…
